2026-07-18 10:10:01 | WARNING | trading.bybit_client:cancel_order:247 | bybit cancel_order unexpected response | {'symbol': '1000XECUSDT', 'order_id': 'f9192e78-54db-4f50-87e9-4570d1ab30a8', 'resp': {'retCode': 110001, 'retMsg': 'order not exists or too late to cancel', 'result': {}, 'retExtInfo': {}, 'time': 1784369401616}}
2026-07-18 10:51:13 | WARNING | trading.bybit_client:cancel_order:247 | bybit cancel_order unexpected response | {'symbol': '1000XECUSDT', 'order_id': '287289a1-ccc8-41da-83e1-109c624c0e0e', 'resp': {'retCode': 110001, 'retMsg': 'order not exists or too late to cancel', 'result': {}, 'retExtInfo': {}, 'time': 1784371873477}}
2026-07-18 11:46:44 | ERROR | bot.telegram:btn_add_symbol_input:155 | Failed to load candles for added symbol | {'symbol': '/RESTARTUSDT', 'error': 'APIError(code=-1121): Invalid symbol.'}
Traceback (most recent call last):

  File "/root/crypto_bot/main.py", line 2007, in <module>
    asyncio.run(main())
    │       │   └ <function main at 0x7a22e754ad40>
    │       └ <function run at 0x7a22ead5c680>
    └ <module 'asyncio' from '/usr/lib/python3.12/asyncio/__init__.py'>

  File "/usr/lib/python3.12/asyncio/runners.py", line 194, in run
    return runner.run(main)
           │      │   └ <coroutine object main at 0x7a22e6929e40>
           │      └ <function Runner.run at 0x7a22e9e53ce0>
           └ <asyncio.runners.Runner object at 0x7a22e69c04d0>
  File "/usr/lib/python3.12/asyncio/runners.py", line 118, in run
    return self._loop.run_until_complete(task)
           │    │     │                  └ <Task pending name='Task-1' coro=<main() running at /root/crypto_bot/main.py:1988> wait_for=<_GatheringFuture pending cb=[Tas...
           │    │     └ <function BaseEventLoop.run_until_complete at 0x7a22e9e51940>
           │    └ <_UnixSelectorEventLoop running=True closed=False debug=False>
           └ <asyncio.runners.Runner object at 0x7a22e69c04d0>
  File "/usr/lib/python3.12/asyncio/base_events.py", line 674, in run_until_complete
    self.run_forever()
    │    └ <function BaseEventLoop.run_forever at 0x7a22e9e518a0>
    └ <_UnixSelectorEventLoop running=True closed=False debug=False>
  File "/usr/lib/python3.12/asyncio/base_events.py", line 641, in run_forever
    self._run_once()
    │    └ <function BaseEventLoop._run_once at 0x7a22e9e536a0>
    └ <_UnixSelectorEventLoop running=True closed=False debug=False>
  File "/usr/lib/python3.12/asyncio/base_events.py", line 1987, in _run_once
    handle._run()
    │      └ <function Handle._run at 0x7a22e9fa1bc0>
    └ <Handle Task.task_wakeup(<Task finishe...> result=None>)>
  File "/usr/lib/python3.12/asyncio/events.py", line 88, in _run
    self._context.run(self._callback, *self._args)
    │    │            │    │           │    └ <member '_args' of 'Handle' objects>
    │    │            │    │           └ <Handle Task.task_wakeup(<Task finishe...> result=None>)>
    │    │            │    └ <member '_callback' of 'Handle' objects>
    │    │            └ <Handle Task.task_wakeup(<Task finishe...> result=None>)>
    │    └ <member '_context' of 'Handle' objects>
    └ <Handle Task.task_wakeup(<Task finishe...> result=None>)>
  File "/root/crypto_bot/venv/lib/python3.12/site-packages/aiogram/dispatcher/dispatcher.py", line 320, in _process_update
    response = await self.feed_update(bot, update, **kwargs)
                     │    │           │    │         └ {'dispatcher': <Dispatcher '0x7a22e6967680'>, 'bots': (<aiogram.client.bot.Bot object at 0x7a22e5f5c260>,)}
                     │    │           │    └ Update(update_id=243228658, message=Message(message_id=44996, date=datetime.datetime(2026, 7, 18, 11, 46, 43, tzinfo=TzInfo(0...
                     │    │           └ <aiogram.client.bot.Bot object at 0x7a22e5f5c260>
                     │    └ <function Dispatcher.feed_update at 0x7a22e79e0220>
                     └ <Dispatcher '0x7a22e6967680'>
  File "/root/crypto_bot/venv/lib/python3.12/site-packages/aiogram/dispatcher/dispatcher.py", line 164, in feed_update
    response = await self.update.wrap_outer_middleware(
                     │    │      └ <function TelegramEventObserver.wrap_outer_middleware at 0x7a22e79e37e0>
                     │    └ <aiogram.dispatcher.event.telegram.TelegramEventObserver object at 0x7a22e6995d90>
                     └ <Dispatcher '0x7a22e6967680'>
  File "/root/crypto_bot/venv/lib/python3.12/site-packages/aiogram/dispatcher/middlewares/error.py", line 27, in __call__
    return await handler(event, data)
                 │       │      └ {'dispatcher': <Dispatcher '0x7a22e6967680'>, 'bots': (<aiogram.client.bot.Bot object at 0x7a22e5f5c260>,), 'bot': <aiogram.c...
                 │       └ Update(update_id=243228658, message=Message(message_id=44996, date=datetime.datetime(2026, 7, 18, 11, 46, 43, tzinfo=TzInfo(0...
                 └ functools.partial(<aiogram.dispatcher.middlewares.user_context.UserContextMiddleware object at 0x7a22e6995ee0>, functools.par...
  File "/root/crypto_bot/venv/lib/python3.12/site-packages/aiogram/dispatcher/middlewares/user_context.py", line 58, in __call__
    return await handler(event, data)
                 │       │      └ {'dispatcher': <Dispatcher '0x7a22e6967680'>, 'bots': (<aiogram.client.bot.Bot object at 0x7a22e5f5c260>,), 'bot': <aiogram.c...
                 │       └ Update(update_id=243228658, message=Message(message_id=44996, date=datetime.datetime(2026, 7, 18, 11, 46, 43, tzinfo=TzInfo(0...
                 └ functools.partial(<aiogram.fsm.middleware.FSMContextMiddleware object at 0x7a22e6995f10>, <function TelegramEventObserver.tri...
  File "/root/crypto_bot/venv/lib/python3.12/site-packages/aiogram/fsm/middleware.py", line 43, in __call__
    return await handler(event, data)
                 │       │      └ {'dispatcher': <Dispatcher '0x7a22e6967680'>, 'bots': (<aiogram.client.bot.Bot object at 0x7a22e5f5c260>,), 'bot': <aiogram.c...
                 │       └ Update(update_id=243228658, message=Message(message_id=44996, date=datetime.datetime(2026, 7, 18, 11, 46, 43, tzinfo=TzInfo(0...
                 └ <function TelegramEventObserver.trigger at 0x7a22b10107c0>
  File "/root/crypto_bot/venv/lib/python3.12/site-packages/aiogram/dispatcher/event/telegram.py", line 126, in trigger
    return await wrapped_inner(event, kwargs)
                 │             │      └ {'dispatcher': <Dispatcher '0x7a22e6967680'>, 'bots': (<aiogram.client.bot.Bot object at 0x7a22e5f5c260>,), 'bot': <aiogram.c...
                 │             └ Update(update_id=243228658, message=Message(message_id=44996, date=datetime.datetime(2026, 7, 18, 11, 46, 43, tzinfo=TzInfo(0...
                 └ <function CallableObject.call at 0x7a22b2a84860>
  File "/root/crypto_bot/venv/lib/python3.12/site-packages/aiogram/dispatcher/event/handler.py", line 71, in call
    return await wrapped()
                 └ functools.partial(<bound method Dispatcher._listen_update of <Dispatcher '0x7a22e6967680'>>, Update(update_id=243228658, mess...
  File "/root/crypto_bot/venv/lib/python3.12/site-packages/aiogram/dispatcher/dispatcher.py", line 283, in _listen_update
    return await self.propagate_event(update_type=update_type, event=event, **kwargs)
                 │    │                           │                  │        └ {'dispatcher': <Dispatcher '0x7a22e6967680'>, 'bots': (<aiogram.client.bot.Bot object at 0x7a22e5f5c260>,), 'bot': <aiogram.c...
                 │    │                           │                  └ Message(message_id=44996, date=datetime.datetime(2026, 7, 18, 11, 46, 43, tzinfo=TzInfo(0)), chat=Chat(id=1093360044, type='p...
                 │    │                           └ 'message'
                 │    └ <function Router.propagate_event at 0x7a22e79e1120>
                 └ <Dispatcher '0x7a22e6967680'>
  File "/root/crypto_bot/venv/lib/python3.12/site-packages/aiogram/dispatcher/router.py", line 163, in propagate_event
    return await observer.wrap_outer_middleware(_wrapped, event=event, data=kwargs)
                 │        │                     │               │           └ {'dispatcher': <Dispatcher '0x7a22e6967680'>, 'bots': (<aiogram.client.bot.Bot object at 0x7a22e5f5c260>,), 'bot': <aiogram.c...
                 │        │                     │               └ Message(message_id=44996, date=datetime.datetime(2026, 7, 18, 11, 46, 43, tzinfo=TzInfo(0)), chat=Chat(id=1093360044, type='p...
                 │        │                     └ <function Router.propagate_event.<locals>._wrapped at 0x7a22b2a71e40>
                 │        └ <function TelegramEventObserver.wrap_outer_middleware at 0x7a22e79e37e0>
                 └ <aiogram.dispatcher.event.telegram.TelegramEventObserver object at 0x7a22e852c6e0>
  File "/root/crypto_bot/venv/lib/python3.12/site-packages/aiogram/dispatcher/router.py", line 155, in _wrapped
    return await self._propagate_event(
                 │    └ <function Router._propagate_event at 0x7a22e79e1080>
                 └ <Dispatcher '0x7a22e6967680'>
  File "/root/crypto_bot/venv/lib/python3.12/site-packages/aiogram/dispatcher/router.py", line 191, in _propagate_event
    response = await router.propagate_event(update_type=update_type, event=event, **kwargs)
                     │      │                           │                  │        └ {'dispatcher': <Dispatcher '0x7a22e6967680'>, 'bots': (<aiogram.client.bot.Bot object at 0x7a22e5f5c260>,), 'bot': <aiogram.c...
                     │      │                           │                  └ Message(message_id=44996, date=datetime.datetime(2026, 7, 18, 11, 46, 43, tzinfo=TzInfo(0)), chat=Chat(id=1093360044, type='p...
                     │      │                           └ 'message'
                     │      └ <function Router.propagate_event at 0x7a22e79e1120>
                     └ <Router '0x7a22e6996000'>
  File "/root/crypto_bot/venv/lib/python3.12/site-packages/aiogram/dispatcher/router.py", line 163, in propagate_event
    return await observer.wrap_outer_middleware(_wrapped, event=event, data=kwargs)
                 │        │                     │               │           └ {'dispatcher': <Dispatcher '0x7a22e6967680'>, 'bots': (<aiogram.client.bot.Bot object at 0x7a22e5f5c260>,), 'bot': <aiogram.c...
                 │        │                     │               └ Message(message_id=44996, date=datetime.datetime(2026, 7, 18, 11, 46, 43, tzinfo=TzInfo(0)), chat=Chat(id=1093360044, type='p...
                 │        │                     └ <function Router.propagate_event.<locals>._wrapped at 0x7a22b2843b00>
                 │        └ <function TelegramEventObserver.wrap_outer_middleware at 0x7a22e79e37e0>
                 └ <aiogram.dispatcher.event.telegram.TelegramEventObserver object at 0x7a22e6995f70>
  File "/root/crypto_bot/venv/lib/python3.12/site-packages/aiogram/dispatcher/router.py", line 155, in _wrapped
    return await self._propagate_event(
                 │    └ <function Router._propagate_event at 0x7a22e79e1080>
                 └ <Router '0x7a22e6996000'>
  File "/root/crypto_bot/venv/lib/python3.12/site-packages/aiogram/dispatcher/router.py", line 183, in _propagate_event
    response = await observer.trigger(event, **kwargs)
                     │        │       │        └ {'dispatcher': <Dispatcher '0x7a22e6967680'>, 'bots': (<aiogram.client.bot.Bot object at 0x7a22e5f5c260>,), 'bot': <aiogram.c...
                     │        │       └ Message(message_id=44996, date=datetime.datetime(2026, 7, 18, 11, 46, 43, tzinfo=TzInfo(0)), chat=Chat(id=1093360044, type='p...
                     │        └ <function TelegramEventObserver.trigger at 0x7a22e79e36a0>
                     └ <aiogram.dispatcher.event.telegram.TelegramEventObserver object at 0x7a22e6995f70>
  File "/root/crypto_bot/venv/lib/python3.12/site-packages/aiogram/dispatcher/event/telegram.py", line 126, in trigger
    return await wrapped_inner(event, kwargs)
                 │             │      └ {'dispatcher': <Dispatcher '0x7a22e6967680'>, 'bots': (<aiogram.client.bot.Bot object at 0x7a22e5f5c260>,), 'bot': <aiogram.c...
                 │             └ Message(message_id=44996, date=datetime.datetime(2026, 7, 18, 11, 46, 43, tzinfo=TzInfo(0)), chat=Chat(id=1093360044, type='p...
                 └ <function CallableObject.call at 0x7a22b180ec00>
  File "/root/crypto_bot/venv/lib/python3.12/site-packages/aiogram/dispatcher/event/handler.py", line 71, in call
    return await wrapped()
                 └ functools.partial(<function btn_add_symbol_input at 0x7a22e79660c0>, Message(message_id=44996, date=datetime.datetime(2026, 7...

> File "/root/crypto_bot/bot/telegram.py", line 147, in btn_add_symbol_input
    raw_15m = await client.futures_klines(symbol=symbol, interval="15m", limit=500)
                    │      │                     └ '/RESTARTUSDT'
                    │      └ <function AsyncClient.futures_klines at 0x7a22e86f8400>
                    └ <binance.async_client.AsyncClient object at 0x7a22b985ed80>

  File "/root/crypto_bot/venv/lib/python3.12/site-packages/binance/async_client.py", line 1956, in futures_klines
    return await self._request_futures_api("get", "klines", data=params)
                 │    │                                          └ {'symbol': '/RESTARTUSDT', 'interval': '15m', 'limit': 500}
                 │    └ <function AsyncClient._request_futures_api at 0x7a22e86f09a0>
                 └ <binance.async_client.AsyncClient object at 0x7a22b985ed80>
  File "/root/crypto_bot/venv/lib/python3.12/site-packages/binance/async_client.py", line 237, in _request_futures_api
    return await self._request(method, uri, signed, force_params, **kwargs)
                 │    │        │       │    │       │               └ {'data': {'symbol': '/RESTARTUSDT', 'interval': '15m', 'limit': 500}}
                 │    │        │       │    │       └ False
                 │    │        │       │    └ False
                 │    │        │       └ 'https://fapi.binance.com/fapi/v1/klines'
                 │    │        └ 'get'
                 │    └ <function AsyncClient._request at 0x7a22e86f07c0>
                 └ <binance.async_client.AsyncClient object at 0x7a22b985ed80>
  File "/root/crypto_bot/venv/lib/python3.12/site-packages/binance/async_client.py", line 199, in _request
    return await self._handle_response(response)
                 │    │                └ <ClientResponse(https://fapi.binance.com/fapi/v1/klines?interval=15m&limit=500&symbol=/RESTARTUSDT) [400 Bad Request]>
                 │    │                  <CIMul...
                 │    └ <function AsyncClient._handle_response at 0x7a22e86f0860>
                 └ <binance.async_client.AsyncClient object at 0x7a22b985ed80>
  File "/root/crypto_bot/venv/lib/python3.12/site-packages/binance/async_client.py", line 207, in _handle_response
    raise BinanceAPIException(response, response.status, await response.text())
          │                   │         │        │             │        └ <function ClientResponse.text at 0x7a22e9819d00>
          │                   │         │        │             └ <ClientResponse(https://fapi.binance.com/fapi/v1/klines?interval=15m&limit=500&symbol=/RESTARTUSDT) [400 Bad Request]>
          │                   │         │        │               <CIMul...
          │                   │         │        └ 400
          │                   │         └ <ClientResponse(https://fapi.binance.com/fapi/v1/klines?interval=15m&limit=500&symbol=/RESTARTUSDT) [400 Bad Request]>
          │                   │           <CIMul...
          │                   └ <ClientResponse(https://fapi.binance.com/fapi/v1/klines?interval=15m&limit=500&symbol=/RESTARTUSDT) [400 Bad Request]>
          │                     <CIMul...
          └ <class 'binance.exceptions.BinanceAPIException'>

binance.exceptions.BinanceAPIException: APIError(code=-1121): Invalid symbol.
2026-07-18 11:46:50 | WARNING | data.collector:_fetch_history:48 | Symbol delisted or invalid: %s | {}
2026-07-18 11:47:38 | ERROR | __main__:_startup_monitoring:1665 | Error starting monitoring for symbol on startup | {'symbol': '➖ УБРАТЬUSDT', 'error': 'APIError(code=-1121): Invalid symbol.'}
Traceback (most recent call last):

  File "/root/crypto_bot/main.py", line 2007, in <module>
    asyncio.run(main())
    │       │   └ <function main at 0x7f3526956de0>
    │       └ <function run at 0x7f352a4a4680>
    └ <module 'asyncio' from '/usr/lib/python3.12/asyncio/__init__.py'>

  File "/usr/lib/python3.12/asyncio/runners.py", line 194, in run
    return runner.run(main)
           │      │   └ <coroutine object main at 0x7f3525d25f80>
           │      └ <function Runner.run at 0x7f3529353ce0>
           └ <asyncio.runners.Runner object at 0x7f3525dd8230>
  File "/usr/lib/python3.12/asyncio/runners.py", line 118, in run
    return self._loop.run_until_complete(task)
           │    │     │                  └ <Task pending name='Task-1' coro=<main() running at /root/crypto_bot/main.py:1988> wait_for=<_GatheringFuture pending cb=[Tas...
           │    │     └ <function BaseEventLoop.run_until_complete at 0x7f3529351940>
           │    └ <_UnixSelectorEventLoop running=True closed=False debug=False>
           └ <asyncio.runners.Runner object at 0x7f3525dd8230>
  File "/usr/lib/python3.12/asyncio/base_events.py", line 674, in run_until_complete
    self.run_forever()
    │    └ <function BaseEventLoop.run_forever at 0x7f35293518a0>
    └ <_UnixSelectorEventLoop running=True closed=False debug=False>
  File "/usr/lib/python3.12/asyncio/base_events.py", line 641, in run_forever
    self._run_once()
    │    └ <function BaseEventLoop._run_once at 0x7f35293536a0>
    └ <_UnixSelectorEventLoop running=True closed=False debug=False>
  File "/usr/lib/python3.12/asyncio/base_events.py", line 1987, in _run_once
    handle._run()
    │      └ <function Handle._run at 0x7f35299f5bc0>
    └ <Handle Task.task_wakeup(<Future finished result=None>)>
  File "/usr/lib/python3.12/asyncio/events.py", line 88, in _run
    self._context.run(self._callback, *self._args)
    │    │            │    │           │    └ <member '_args' of 'Handle' objects>
    │    │            │    │           └ <Handle Task.task_wakeup(<Future finished result=None>)>
    │    │            │    └ <member '_callback' of 'Handle' objects>
    │    │            └ <Handle Task.task_wakeup(<Future finished result=None>)>
    │    └ <member '_context' of 'Handle' objects>
    └ <Handle Task.task_wakeup(<Future finished result=None>)>

> File "/root/crypto_bot/main.py", line 1544, in _startup_monitoring
    raw_15m = await client.futures_klines(symbol=symbol, interval="15m", limit=500)
                    │      │                     └ '➖ УБРАТЬUSDT'
                    │      └ <function AsyncClient.futures_klines at 0x7f35278d4400>
                    └ <binance.async_client.AsyncClient object at 0x7f35260214c0>

  File "/root/crypto_bot/venv/lib/python3.12/site-packages/binance/async_client.py", line 1956, in futures_klines
    return await self._request_futures_api("get", "klines", data=params)
                 │    │                                          └ {'symbol': '➖ УБРАТЬUSDT', 'interval': '15m', 'limit': 500}
                 │    └ <function AsyncClient._request_futures_api at 0x7f3527b589a0>
                 └ <binance.async_client.AsyncClient object at 0x7f35260214c0>
  File "/root/crypto_bot/venv/lib/python3.12/site-packages/binance/async_client.py", line 237, in _request_futures_api
    return await self._request(method, uri, signed, force_params, **kwargs)
                 │    │        │       │    │       │               └ {'data': {'symbol': '➖ УБРАТЬUSDT', 'interval': '15m', 'limit': 500}}
                 │    │        │       │    │       └ False
                 │    │        │       │    └ False
                 │    │        │       └ 'https://fapi.binance.com/fapi/v1/klines'
                 │    │        └ 'get'
                 │    └ <function AsyncClient._request at 0x7f3527b587c0>
                 └ <binance.async_client.AsyncClient object at 0x7f35260214c0>
  File "/root/crypto_bot/venv/lib/python3.12/site-packages/binance/async_client.py", line 199, in _request
    return await self._handle_response(response)
                 │    │                └ <ClientResponse(https://fapi.binance.com/fapi/v1/klines?interval=15m&limit=500&symbol=%E2%9E%96%20%D0%A3%D0%91%D0%A0%D0%90%D0...
                 │    └ <function AsyncClient._handle_response at 0x7f3527b58860>
                 └ <binance.async_client.AsyncClient object at 0x7f35260214c0>
  File "/root/crypto_bot/venv/lib/python3.12/site-packages/binance/async_client.py", line 207, in _handle_response
    raise BinanceAPIException(response, response.status, await response.text())
          │                   │         │        │             │        └ <function ClientResponse.text at 0x7f3528c79d00>
          │                   │         │        │             └ <ClientResponse(https://fapi.binance.com/fapi/v1/klines?interval=15m&limit=500&symbol=%E2%9E%96%20%D0%A3%D0%91%D0%A0%D0%90%D0...
          │                   │         │        └ 400
          │                   │         └ <ClientResponse(https://fapi.binance.com/fapi/v1/klines?interval=15m&limit=500&symbol=%E2%9E%96%20%D0%A3%D0%91%D0%A0%D0%90%D0...
          │                   └ <ClientResponse(https://fapi.binance.com/fapi/v1/klines?interval=15m&limit=500&symbol=%E2%9E%96%20%D0%A3%D0%91%D0%A0%D0%90%D0...
          └ <class 'binance.exceptions.BinanceAPIException'>

binance.exceptions.BinanceAPIException: APIError(code=-1121): Invalid symbol.
2026-07-18 12:35:06 | ERROR | __main__:_startup_monitoring:1665 | Error starting monitoring for symbol on startup | {'symbol': '➖ УБРАТЬUSDT', 'error': 'APIError(code=-1121): Invalid symbol.'}
Traceback (most recent call last):

  File "/root/crypto_bot/main.py", line 2007, in <module>
    asyncio.run(main())
    │       │   └ <function main at 0x7a0a5ae66de0>
    │       └ <function run at 0x7a0a5e75c680>
    └ <module 'asyncio' from '/usr/lib/python3.12/asyncio/__init__.py'>

  File "/usr/lib/python3.12/asyncio/runners.py", line 194, in run
    return runner.run(main)
           │      │   └ <coroutine object main at 0x7a0a5a241e40>
           │      └ <function Runner.run at 0x7a0a5d857ce0>
           └ <asyncio.runners.Runner object at 0x7a0a5a260740>
  File "/usr/lib/python3.12/asyncio/runners.py", line 118, in run
    return self._loop.run_until_complete(task)
           │    │     │                  └ <Task pending name='Task-1' coro=<main() running at /root/crypto_bot/main.py:1988> wait_for=<_GatheringFuture pending cb=[Tas...
           │    │     └ <function BaseEventLoop.run_until_complete at 0x7a0a5d855940>
           │    └ <_UnixSelectorEventLoop running=True closed=False debug=False>
           └ <asyncio.runners.Runner object at 0x7a0a5a260740>
  File "/usr/lib/python3.12/asyncio/base_events.py", line 674, in run_until_complete
    self.run_forever()
    │    └ <function BaseEventLoop.run_forever at 0x7a0a5d8558a0>
    └ <_UnixSelectorEventLoop running=True closed=False debug=False>
  File "/usr/lib/python3.12/asyncio/base_events.py", line 641, in run_forever
    self._run_once()
    │    └ <function BaseEventLoop._run_once at 0x7a0a5d8576a0>
    └ <_UnixSelectorEventLoop running=True closed=False debug=False>
  File "/usr/lib/python3.12/asyncio/base_events.py", line 1987, in _run_once
    handle._run()
    │      └ <function Handle._run at 0x7a0a5d9a5bc0>
    └ <Handle Task.task_wakeup(<Future finished result=None>)>
  File "/usr/lib/python3.12/asyncio/events.py", line 88, in _run
    self._context.run(self._callback, *self._args)
    │    │            │    │           │    └ <member '_args' of 'Handle' objects>
    │    │            │    │           └ <Handle Task.task_wakeup(<Future finished result=None>)>
    │    │            │    └ <member '_callback' of 'Handle' objects>
    │    │            └ <Handle Task.task_wakeup(<Future finished result=None>)>
    │    └ <member '_context' of 'Handle' objects>
    └ <Handle Task.task_wakeup(<Future finished result=None>)>

> File "/root/crypto_bot/main.py", line 1544, in _startup_monitoring
    raw_15m = await client.futures_klines(symbol=symbol, interval="15m", limit=500)
                    │      │                     └ '➖ УБРАТЬUSDT'
                    │      └ <function AsyncClient.futures_klines at 0x7a0a5bdf8400>
                    └ <binance.async_client.AsyncClient object at 0x7a0a5a2e2870>

  File "/root/crypto_bot/venv/lib/python3.12/site-packages/binance/async_client.py", line 1956, in futures_klines
    return await self._request_futures_api("get", "klines", data=params)
                 │    │                                          └ {'symbol': '➖ УБРАТЬUSDT', 'interval': '15m', 'limit': 500}
                 │    └ <function AsyncClient._request_futures_api at 0x7a0a5bdf09a0>
                 └ <binance.async_client.AsyncClient object at 0x7a0a5a2e2870>
  File "/root/crypto_bot/venv/lib/python3.12/site-packages/binance/async_client.py", line 237, in _request_futures_api
    return await self._request(method, uri, signed, force_params, **kwargs)
                 │    │        │       │    │       │               └ {'data': {'symbol': '➖ УБРАТЬUSDT', 'interval': '15m', 'limit': 500}}
                 │    │        │       │    │       └ False
                 │    │        │       │    └ False
                 │    │        │       └ 'https://fapi.binance.com/fapi/v1/klines'
                 │    │        └ 'get'
                 │    └ <function AsyncClient._request at 0x7a0a5bdf07c0>
                 └ <binance.async_client.AsyncClient object at 0x7a0a5a2e2870>
  File "/root/crypto_bot/venv/lib/python3.12/site-packages/binance/async_client.py", line 199, in _request
    return await self._handle_response(response)
                 │    │                └ <ClientResponse(https://fapi.binance.com/fapi/v1/klines?interval=15m&limit=500&symbol=%E2%9E%96%20%D0%A3%D0%91%D0%A0%D0%90%D0...
                 │    └ <function AsyncClient._handle_response at 0x7a0a5bdf0860>
                 └ <binance.async_client.AsyncClient object at 0x7a0a5a2e2870>
  File "/root/crypto_bot/venv/lib/python3.12/site-packages/binance/async_client.py", line 207, in _handle_response
    raise BinanceAPIException(response, response.status, await response.text())
          │                   │         │        │             │        └ <function ClientResponse.text at 0x7a0a5d1c1d00>
          │                   │         │        │             └ <ClientResponse(https://fapi.binance.com/fapi/v1/klines?interval=15m&limit=500&symbol=%E2%9E%96%20%D0%A3%D0%91%D0%A0%D0%90%D0...
          │                   │         │        └ 400
          │                   │         └ <ClientResponse(https://fapi.binance.com/fapi/v1/klines?interval=15m&limit=500&symbol=%E2%9E%96%20%D0%A3%D0%91%D0%A0%D0%90%D0...
          │                   └ <ClientResponse(https://fapi.binance.com/fapi/v1/klines?interval=15m&limit=500&symbol=%E2%9E%96%20%D0%A3%D0%91%D0%A0%D0%90%D0...
          └ <class 'binance.exceptions.BinanceAPIException'>

binance.exceptions.BinanceAPIException: APIError(code=-1121): Invalid symbol.
2026-07-18 13:02:20 | ERROR | trading.strategy_runner:run_strategies:82 | s2_live on_event error | {'event_type': 'proximity', 'error': "cannot access local variable '_live' where it is not associated with a value"}
2026-07-18 13:02:20 | ERROR | trading.strategy_runner:run_strategies:82 | s2_live on_event error | {'event_type': 'proximity', 'error': "cannot access local variable '_live' where it is not associated with a value"}
2026-07-18 13:02:25 | ERROR | trading.strategy_runner:run_strategies:82 | s2_live on_event error | {'event_type': 'proximity', 'error': "cannot access local variable '_live' where it is not associated with a value"}
2026-07-18 13:02:31 | ERROR | trading.strategy_runner:run_strategies:82 | s2_live on_event error | {'event_type': 'proximity', 'error': "cannot access local variable '_live' where it is not associated with a value"}
2026-07-18 13:04:27 | ERROR | trading.strategy_runner:run_strategies:82 | s2_live on_event error | {'event_type': 'proximity', 'error': "cannot access local variable '_live' where it is not associated with a value"}
2026-07-18 13:04:32 | ERROR | trading.strategy_runner:run_strategies:82 | s2_live on_event error | {'event_type': 'proximity', 'error': "cannot access local variable '_live' where it is not associated with a value"}
2026-07-18 13:05:12 | ERROR | trading.strategy_runner:run_strategies:82 | s2_live on_event error | {'event_type': 'proximity', 'error': "cannot access local variable '_live' where it is not associated with a value"}
2026-07-18 13:23:27 | ERROR | __main__:_startup_monitoring:1665 | Error starting monitoring for symbol on startup | {'symbol': '➖ УБРАТЬUSDT', 'error': 'APIError(code=-1121): Invalid symbol.'}
Traceback (most recent call last):

  File "/root/crypto_bot/main.py", line 2007, in <module>
    asyncio.run(main())
    │       │   └ <function main at 0x7b9acc7f28e0>
    │       └ <function run at 0x7b9acfd40680>
    └ <module 'asyncio' from '/usr/lib/python3.12/asyncio/__init__.py'>

  File "/usr/lib/python3.12/asyncio/runners.py", line 194, in run
    return runner.run(main)
           │      │   └ <coroutine object main at 0x7b9acb665a80>
           │      └ <function Runner.run at 0x7b9aceb5bce0>
           └ <asyncio.runners.Runner object at 0x7b9acb6bfbc0>
  File "/usr/lib/python3.12/asyncio/runners.py", line 118, in run
    return self._loop.run_until_complete(task)
           │    │     │                  └ <Task pending name='Task-1' coro=<main() running at /root/crypto_bot/main.py:1988> wait_for=<_GatheringFuture pending cb=[Tas...
           │    │     └ <function BaseEventLoop.run_until_complete at 0x7b9aceb59940>
           │    └ <_UnixSelectorEventLoop running=True closed=False debug=False>
           └ <asyncio.runners.Runner object at 0x7b9acb6bfbc0>
  File "/usr/lib/python3.12/asyncio/base_events.py", line 674, in run_until_complete
    self.run_forever()
    │    └ <function BaseEventLoop.run_forever at 0x7b9aceb598a0>
    └ <_UnixSelectorEventLoop running=True closed=False debug=False>
  File "/usr/lib/python3.12/asyncio/base_events.py", line 641, in run_forever
    self._run_once()
    │    └ <function BaseEventLoop._run_once at 0x7b9aceb5b6a0>
    └ <_UnixSelectorEventLoop running=True closed=False debug=False>
  File "/usr/lib/python3.12/asyncio/base_events.py", line 1987, in _run_once
    handle._run()
    │      └ <function Handle._run at 0x7b9acf2a1bc0>
    └ <Handle Task.task_wakeup(<Future finished result=None>)>
  File "/usr/lib/python3.12/asyncio/events.py", line 88, in _run
    self._context.run(self._callback, *self._args)
    │    │            │    │           │    └ <member '_args' of 'Handle' objects>
    │    │            │    │           └ <Handle Task.task_wakeup(<Future finished result=None>)>
    │    │            │    └ <member '_callback' of 'Handle' objects>
    │    │            └ <Handle Task.task_wakeup(<Future finished result=None>)>
    │    └ <member '_context' of 'Handle' objects>
    └ <Handle Task.task_wakeup(<Future finished result=None>)>

> File "/root/crypto_bot/main.py", line 1544, in _startup_monitoring
    raw_15m = await client.futures_klines(symbol=symbol, interval="15m", limit=500)
                    │      │                     └ '➖ УБРАТЬUSDT'
                    │      └ <function AsyncClient.futures_klines at 0x7b9acd184400>
                    └ <binance.async_client.AsyncClient object at 0x7b9acacb3650>

  File "/root/crypto_bot/venv/lib/python3.12/site-packages/binance/async_client.py", line 1956, in futures_klines
    return await self._request_futures_api("get", "klines", data=params)
                 │    │                                          └ {'symbol': '➖ УБРАТЬUSDT', 'interval': '15m', 'limit': 500}
                 │    └ <function AsyncClient._request_futures_api at 0x7b9acd4089a0>
                 └ <binance.async_client.AsyncClient object at 0x7b9acacb3650>
  File "/root/crypto_bot/venv/lib/python3.12/site-packages/binance/async_client.py", line 237, in _request_futures_api
    return await self._request(method, uri, signed, force_params, **kwargs)
                 │    │        │       │    │       │               └ {'data': {'symbol': '➖ УБРАТЬUSDT', 'interval': '15m', 'limit': 500}}
                 │    │        │       │    │       └ False
                 │    │        │       │    └ False
                 │    │        │       └ 'https://fapi.binance.com/fapi/v1/klines'
                 │    │        └ 'get'
                 │    └ <function AsyncClient._request at 0x7b9acd4087c0>
                 └ <binance.async_client.AsyncClient object at 0x7b9acacb3650>
  File "/root/crypto_bot/venv/lib/python3.12/site-packages/binance/async_client.py", line 199, in _request
    return await self._handle_response(response)
                 │    │                └ <ClientResponse(https://fapi.binance.com/fapi/v1/klines?interval=15m&limit=500&symbol=%E2%9E%96%20%D0%A3%D0%91%D0%A0%D0%90%D0...
                 │    └ <function AsyncClient._handle_response at 0x7b9acd408860>
                 └ <binance.async_client.AsyncClient object at 0x7b9acacb3650>
  File "/root/crypto_bot/venv/lib/python3.12/site-packages/binance/async_client.py", line 207, in _handle_response
    raise BinanceAPIException(response, response.status, await response.text())
          │                   │         │        │             │        └ <function ClientResponse.text at 0x7b9ace541d00>
          │                   │         │        │             └ <ClientResponse(https://fapi.binance.com/fapi/v1/klines?interval=15m&limit=500&symbol=%E2%9E%96%20%D0%A3%D0%91%D0%A0%D0%90%D0...
          │                   │         │        └ 400
          │                   │         └ <ClientResponse(https://fapi.binance.com/fapi/v1/klines?interval=15m&limit=500&symbol=%E2%9E%96%20%D0%A3%D0%91%D0%A0%D0%90%D0...
          │                   └ <ClientResponse(https://fapi.binance.com/fapi/v1/klines?interval=15m&limit=500&symbol=%E2%9E%96%20%D0%A3%D0%91%D0%A0%D0%90%D0...
          └ <class 'binance.exceptions.BinanceAPIException'>

binance.exceptions.BinanceAPIException: APIError(code=-1121): Invalid symbol.
2026-07-18 13:46:05 | ERROR | __main__:_startup_monitoring:1665 | Error starting monitoring for symbol on startup | {'symbol': '➖ УБРАТЬUSDT', 'error': 'APIError(code=-1121): Invalid symbol.'}
Traceback (most recent call last):

  File "/root/crypto_bot/main.py", line 2007, in <module>
    asyncio.run(main())
    │       │   └ <function main at 0x76b861f66d40>
    │       └ <function run at 0x76b865aa4680>
    └ <module 'asyncio' from '/usr/lib/python3.12/asyncio/__init__.py'>

  File "/usr/lib/python3.12/asyncio/runners.py", line 194, in run
    return runner.run(main)
           │      │   └ <coroutine object main at 0x76b861345d00>
           │      └ <function Runner.run at 0x76b864957ce0>
           └ <asyncio.runners.Runner object at 0x76b861378740>
  File "/usr/lib/python3.12/asyncio/runners.py", line 118, in run
    return self._loop.run_until_complete(task)
           │    │     │                  └ <Task pending name='Task-1' coro=<main() running at /root/crypto_bot/main.py:1988> wait_for=<_GatheringFuture pending cb=[Tas...
           │    │     └ <function BaseEventLoop.run_until_complete at 0x76b864955940>
           │    └ <_UnixSelectorEventLoop running=True closed=False debug=False>
           └ <asyncio.runners.Runner object at 0x76b861378740>
  File "/usr/lib/python3.12/asyncio/base_events.py", line 674, in run_until_complete
    self.run_forever()
    │    └ <function BaseEventLoop.run_forever at 0x76b8649558a0>
    └ <_UnixSelectorEventLoop running=True closed=False debug=False>
  File "/usr/lib/python3.12/asyncio/base_events.py", line 641, in run_forever
    self._run_once()
    │    └ <function BaseEventLoop._run_once at 0x76b8649576a0>
    └ <_UnixSelectorEventLoop running=True closed=False debug=False>
  File "/usr/lib/python3.12/asyncio/base_events.py", line 1987, in _run_once
    handle._run()
    │      └ <function Handle._run at 0x76b864ff5bc0>
    └ <Handle Task.task_wakeup(<Future finished result=None>)>
  File "/usr/lib/python3.12/asyncio/events.py", line 88, in _run
    self._context.run(self._callback, *self._args)
    │    │            │    │           │    └ <member '_args' of 'Handle' objects>
    │    │            │    │           └ <Handle Task.task_wakeup(<Future finished result=None>)>
    │    │            │    └ <member '_callback' of 'Handle' objects>
    │    │            └ <Handle Task.task_wakeup(<Future finished result=None>)>
    │    └ <member '_context' of 'Handle' objects>
    └ <Handle Task.task_wakeup(<Future finished result=None>)>

> File "/root/crypto_bot/main.py", line 1544, in _startup_monitoring
    raw_15m = await client.futures_klines(symbol=symbol, interval="15m", limit=500)
                    │      │                     └ '➖ УБРАТЬUSDT'
                    │      └ <function AsyncClient.futures_klines at 0x76b862edc400>
                    └ <binance.async_client.AsyncClient object at 0x76b861b19d30>

  File "/root/crypto_bot/venv/lib/python3.12/site-packages/binance/async_client.py", line 1956, in futures_klines
    return await self._request_futures_api("get", "klines", data=params)
                 │    │                                          └ {'symbol': '➖ УБРАТЬUSDT', 'interval': '15m', 'limit': 500}
                 │    └ <function AsyncClient._request_futures_api at 0x76b862ed49a0>
                 └ <binance.async_client.AsyncClient object at 0x76b861b19d30>
  File "/root/crypto_bot/venv/lib/python3.12/site-packages/binance/async_client.py", line 237, in _request_futures_api
    return await self._request(method, uri, signed, force_params, **kwargs)
                 │    │        │       │    │       │               └ {'data': {'symbol': '➖ УБРАТЬUSDT', 'interval': '15m', 'limit': 500}}
                 │    │        │       │    │       └ False
                 │    │        │       │    └ False
                 │    │        │       └ 'https://fapi.binance.com/fapi/v1/klines'
                 │    │        └ 'get'
                 │    └ <function AsyncClient._request at 0x76b862ed47c0>
                 └ <binance.async_client.AsyncClient object at 0x76b861b19d30>
  File "/root/crypto_bot/venv/lib/python3.12/site-packages/binance/async_client.py", line 199, in _request
    return await self._handle_response(response)
                 │    │                └ <ClientResponse(https://fapi.binance.com/fapi/v1/klines?interval=15m&limit=500&symbol=%E2%9E%96%20%D0%A3%D0%91%D0%A0%D0%90%D0...
                 │    └ <function AsyncClient._handle_response at 0x76b862ed4860>
                 └ <binance.async_client.AsyncClient object at 0x76b861b19d30>
  File "/root/crypto_bot/venv/lib/python3.12/site-packages/binance/async_client.py", line 207, in _handle_response
    raise BinanceAPIException(response, response.status, await response.text())
          │                   │         │        │             │        └ <function ClientResponse.text at 0x76b86427dd00>
          │                   │         │        │             └ <ClientResponse(https://fapi.binance.com/fapi/v1/klines?interval=15m&limit=500&symbol=%E2%9E%96%20%D0%A3%D0%91%D0%A0%D0%90%D0...
          │                   │         │        └ 400
          │                   │         └ <ClientResponse(https://fapi.binance.com/fapi/v1/klines?interval=15m&limit=500&symbol=%E2%9E%96%20%D0%A3%D0%91%D0%A0%D0%90%D0...
          │                   └ <ClientResponse(https://fapi.binance.com/fapi/v1/klines?interval=15m&limit=500&symbol=%E2%9E%96%20%D0%A3%D0%91%D0%A0%D0%90%D0...
          └ <class 'binance.exceptions.BinanceAPIException'>

binance.exceptions.BinanceAPIException: APIError(code=-1121): Invalid symbol.
2026-07-18 13:52:05 | ERROR | __main__:_startup_monitoring:1665 | Error starting monitoring for symbol on startup | {'symbol': '➖ УБРАТЬUSDT', 'error': 'APIError(code=-1121): Invalid symbol.'}
Traceback (most recent call last):

  File "/root/crypto_bot/main.py", line 2007, in <module>
    asyncio.run(main())
    │       │   └ <function main at 0x7d52c63f68e0>
    │       └ <function run at 0x7d52c9920680>
    └ <module 'asyncio' from '/usr/lib/python3.12/asyncio/__init__.py'>

  File "/usr/lib/python3.12/asyncio/runners.py", line 194, in run
    return runner.run(main)
           │      │   └ <coroutine object main at 0x7d52c5261bc0>
           │      └ <function Runner.run at 0x7d52c875bce0>
           └ <asyncio.runners.Runner object at 0x7d52c52b7ce0>
  File "/usr/lib/python3.12/asyncio/runners.py", line 118, in run
    return self._loop.run_until_complete(task)
           │    │     │                  └ <Task pending name='Task-1' coro=<main() running at /root/crypto_bot/main.py:1988> wait_for=<_GatheringFuture pending cb=[Tas...
           │    │     └ <function BaseEventLoop.run_until_complete at 0x7d52c8759940>
           │    └ <_UnixSelectorEventLoop running=True closed=False debug=False>
           └ <asyncio.runners.Runner object at 0x7d52c52b7ce0>
  File "/usr/lib/python3.12/asyncio/base_events.py", line 674, in run_until_complete
    self.run_forever()
    │    └ <function BaseEventLoop.run_forever at 0x7d52c87598a0>
    └ <_UnixSelectorEventLoop running=True closed=False debug=False>
  File "/usr/lib/python3.12/asyncio/base_events.py", line 641, in run_forever
    self._run_once()
    │    └ <function BaseEventLoop._run_once at 0x7d52c875b6a0>
    └ <_UnixSelectorEventLoop running=True closed=False debug=False>
  File "/usr/lib/python3.12/asyncio/base_events.py", line 1987, in _run_once
    handle._run()
    │      └ <function Handle._run at 0x7d52c8e71bc0>
    └ <Handle Task.task_wakeup(<Future finished result=None>)>
  File "/usr/lib/python3.12/asyncio/events.py", line 88, in _run
    self._context.run(self._callback, *self._args)
    │    │            │    │           │    └ <member '_args' of 'Handle' objects>
    │    │            │    │           └ <Handle Task.task_wakeup(<Future finished result=None>)>
    │    │            │    └ <member '_callback' of 'Handle' objects>
    │    │            └ <Handle Task.task_wakeup(<Future finished result=None>)>
    │    └ <member '_context' of 'Handle' objects>
    └ <Handle Task.task_wakeup(<Future finished result=None>)>

> File "/root/crypto_bot/main.py", line 1544, in _startup_monitoring
    raw_15m = await client.futures_klines(symbol=symbol, interval="15m", limit=500)
                    │      │                     └ '➖ УБРАТЬUSDT'
                    │      └ <function AsyncClient.futures_klines at 0x7d52c6d60400>
                    └ <binance.async_client.AsyncClient object at 0x7d52c523e480>

  File "/root/crypto_bot/venv/lib/python3.12/site-packages/binance/async_client.py", line 1956, in futures_klines
    return await self._request_futures_api("get", "klines", data=params)
                 │    │                                          └ {'symbol': '➖ УБРАТЬUSDT', 'interval': '15m', 'limit': 500}
                 │    └ <function AsyncClient._request_futures_api at 0x7d52c6fe49a0>
                 └ <binance.async_client.AsyncClient object at 0x7d52c523e480>
  File "/root/crypto_bot/venv/lib/python3.12/site-packages/binance/async_client.py", line 237, in _request_futures_api
    return await self._request(method, uri, signed, force_params, **kwargs)
                 │    │        │       │    │       │               └ {'data': {'symbol': '➖ УБРАТЬUSDT', 'interval': '15m', 'limit': 500}}
                 │    │        │       │    │       └ False
                 │    │        │       │    └ False
                 │    │        │       └ 'https://fapi.binance.com/fapi/v1/klines'
                 │    │        └ 'get'
                 │    └ <function AsyncClient._request at 0x7d52c6fe47c0>
                 └ <binance.async_client.AsyncClient object at 0x7d52c523e480>
  File "/root/crypto_bot/venv/lib/python3.12/site-packages/binance/async_client.py", line 199, in _request
    return await self._handle_response(response)
                 │    │                └ <ClientResponse(https://fapi.binance.com/fapi/v1/klines?interval=15m&limit=500&symbol=%E2%9E%96%20%D0%A3%D0%91%D0%A0%D0%90%D0...
                 │    └ <function AsyncClient._handle_response at 0x7d52c6fe4860>
                 └ <binance.async_client.AsyncClient object at 0x7d52c523e480>
  File "/root/crypto_bot/venv/lib/python3.12/site-packages/binance/async_client.py", line 207, in _handle_response
    raise BinanceAPIException(response, response.status, await response.text())
          │                   │         │        │             │        └ <function ClientResponse.text at 0x7d52c8121d00>
          │                   │         │        │             └ <ClientResponse(https://fapi.binance.com/fapi/v1/klines?interval=15m&limit=500&symbol=%E2%9E%96%20%D0%A3%D0%91%D0%A0%D0%90%D0...
          │                   │         │        └ 400
          │                   │         └ <ClientResponse(https://fapi.binance.com/fapi/v1/klines?interval=15m&limit=500&symbol=%E2%9E%96%20%D0%A3%D0%91%D0%A0%D0%90%D0...
          │                   └ <ClientResponse(https://fapi.binance.com/fapi/v1/klines?interval=15m&limit=500&symbol=%E2%9E%96%20%D0%A3%D0%91%D0%A0%D0%90%D0...
          └ <class 'binance.exceptions.BinanceAPIException'>

binance.exceptions.BinanceAPIException: APIError(code=-1121): Invalid symbol.
2026-07-18 13:57:22 | ERROR | __main__:_startup_monitoring:1665 | Error starting monitoring for symbol on startup | {'symbol': '➖ УБРАТЬUSDT', 'error': 'APIError(code=-1121): Invalid symbol.'}
Traceback (most recent call last):

  File "/root/crypto_bot/main.py", line 2007, in <module>
    asyncio.run(main())
    │       │   └ <function main at 0x702677f66de0>
    │       └ <function run at 0x70267baf4680>
    └ <module 'asyncio' from '/usr/lib/python3.12/asyncio/__init__.py'>

  File "/usr/lib/python3.12/asyncio/runners.py", line 194, in run
    return runner.run(main)
           │      │   └ <coroutine object main at 0x702677345e40>
           │      └ <function Runner.run at 0x70267a95fce0>
           └ <asyncio.runners.Runner object at 0x7026773dc7a0>
  File "/usr/lib/python3.12/asyncio/runners.py", line 118, in run
    return self._loop.run_until_complete(task)
           │    │     │                  └ <Task pending name='Task-1' coro=<main() running at /root/crypto_bot/main.py:1988> wait_for=<_GatheringFuture pending cb=[Tas...
           │    │     └ <function BaseEventLoop.run_until_complete at 0x70267a95d940>
           │    └ <_UnixSelectorEventLoop running=True closed=False debug=False>
           └ <asyncio.runners.Runner object at 0x7026773dc7a0>
  File "/usr/lib/python3.12/asyncio/base_events.py", line 674, in run_until_complete
    self.run_forever()
    │    └ <function BaseEventLoop.run_forever at 0x70267a95d8a0>
    └ <_UnixSelectorEventLoop running=True closed=False debug=False>
  File "/usr/lib/python3.12/asyncio/base_events.py", line 641, in run_forever
    self._run_once()
    │    └ <function BaseEventLoop._run_once at 0x70267a95f6a0>
    └ <_UnixSelectorEventLoop running=True closed=False debug=False>
  File "/usr/lib/python3.12/asyncio/base_events.py", line 1987, in _run_once
    handle._run()
    │      └ <function Handle._run at 0x70267b021bc0>
    └ <Handle Task.task_wakeup(<Future finished result=None>)>
  File "/usr/lib/python3.12/asyncio/events.py", line 88, in _run
    self._context.run(self._callback, *self._args)
    │    │            │    │           │    └ <member '_args' of 'Handle' objects>
    │    │            │    │           └ <Handle Task.task_wakeup(<Future finished result=None>)>
    │    │            │    └ <member '_callback' of 'Handle' objects>
    │    │            └ <Handle Task.task_wakeup(<Future finished result=None>)>
    │    └ <member '_context' of 'Handle' objects>
    └ <Handle Task.task_wakeup(<Future finished result=None>)>

> File "/root/crypto_bot/main.py", line 1544, in _startup_monitoring
    raw_15m = await client.futures_klines(symbol=symbol, interval="15m", limit=500)
                    │      │                     └ '➖ УБРАТЬUSDT'
                    │      └ <function AsyncClient.futures_klines at 0x702678f3c400>
                    └ <binance.async_client.AsyncClient object at 0x702676975f10>

  File "/root/crypto_bot/venv/lib/python3.12/site-packages/binance/async_client.py", line 1956, in futures_klines
    return await self._request_futures_api("get", "klines", data=params)
                 │    │                                          └ {'symbol': '➖ УБРАТЬUSDT', 'interval': '15m', 'limit': 500}
                 │    └ <function AsyncClient._request_futures_api at 0x702678f349a0>
                 └ <binance.async_client.AsyncClient object at 0x702676975f10>
  File "/root/crypto_bot/venv/lib/python3.12/site-packages/binance/async_client.py", line 237, in _request_futures_api
    return await self._request(method, uri, signed, force_params, **kwargs)
                 │    │        │       │    │       │               └ {'data': {'symbol': '➖ УБРАТЬUSDT', 'interval': '15m', 'limit': 500}}
                 │    │        │       │    │       └ False
                 │    │        │       │    └ False
                 │    │        │       └ 'https://fapi.binance.com/fapi/v1/klines'
                 │    │        └ 'get'
                 │    └ <function AsyncClient._request at 0x702678f347c0>
                 └ <binance.async_client.AsyncClient object at 0x702676975f10>
  File "/root/crypto_bot/venv/lib/python3.12/site-packages/binance/async_client.py", line 199, in _request
    return await self._handle_response(response)
                 │    │                └ <ClientResponse(https://fapi.binance.com/fapi/v1/klines?interval=15m&limit=500&symbol=%E2%9E%96%20%D0%A3%D0%91%D0%A0%D0%90%D0...
                 │    └ <function AsyncClient._handle_response at 0x702678f34860>
                 └ <binance.async_client.AsyncClient object at 0x702676975f10>
  File "/root/crypto_bot/venv/lib/python3.12/site-packages/binance/async_client.py", line 207, in _handle_response
    raise BinanceAPIException(response, response.status, await response.text())
          │                   │         │        │             │        └ <function ClientResponse.text at 0x70267a2e1d00>
          │                   │         │        │             └ <ClientResponse(https://fapi.binance.com/fapi/v1/klines?interval=15m&limit=500&symbol=%E2%9E%96%20%D0%A3%D0%91%D0%A0%D0%90%D0...
          │                   │         │        └ 400
          │                   │         └ <ClientResponse(https://fapi.binance.com/fapi/v1/klines?interval=15m&limit=500&symbol=%E2%9E%96%20%D0%A3%D0%91%D0%A0%D0%90%D0...
          │                   └ <ClientResponse(https://fapi.binance.com/fapi/v1/klines?interval=15m&limit=500&symbol=%E2%9E%96%20%D0%A3%D0%91%D0%A0%D0%90%D0...
          └ <class 'binance.exceptions.BinanceAPIException'>

binance.exceptions.BinanceAPIException: APIError(code=-1121): Invalid symbol.
2026-07-18 14:05:47 | ERROR | trading.strategy2_live:_open_grid:581 | S2Live: failed to get instrument info | {'symbol': 'TRADOORUSDT', 'error': 'instrument info not found for TRADOORUSDT'}
2026-07-18 14:25:11 | WARNING | data.collector:_stream_agg_trades:180 | Failed to create aggTrades client | {'symbol': 'TRADOORUSDT', 'error': 'Cannot connect to host api.binance.com:443 ssl:default [Connection reset by peer]'}
2026-07-18 17:06:30 | ERROR | __main__:_startup_monitoring:1665 | Error starting monitoring for symbol on startup | {'symbol': '➖ УБРАТЬUSDT', 'error': 'APIError(code=-1121): Invalid symbol.'}
Traceback (most recent call last):

  File "/root/crypto_bot/main.py", line 2007, in <module>
    asyncio.run(main())
    │       │   └ <function main at 0x7f5fcae58a40>
    │       └ <function run at 0x7f5fce75c680>
    └ <module 'asyncio' from '/usr/lib/python3.12/asyncio/__init__.py'>

  File "/usr/lib/python3.12/asyncio/runners.py", line 194, in run
    return runner.run(main)
           │      │   └ <coroutine object main at 0x7f5fca225f80>
           │      └ <function Runner.run at 0x7f5fcd853ce0>
           └ <asyncio.runners.Runner object at 0x7f5fca270740>
  File "/usr/lib/python3.12/asyncio/runners.py", line 118, in run
    return self._loop.run_until_complete(task)
           │    │     │                  └ <Task pending name='Task-1' coro=<main() running at /root/crypto_bot/main.py:1988> wait_for=<_GatheringFuture pending cb=[Tas...
           │    │     └ <function BaseEventLoop.run_until_complete at 0x7f5fcd851940>
           │    └ <_UnixSelectorEventLoop running=True closed=False debug=False>
           └ <asyncio.runners.Runner object at 0x7f5fca270740>
  File "/usr/lib/python3.12/asyncio/base_events.py", line 674, in run_until_complete
    self.run_forever()
    │    └ <function BaseEventLoop.run_forever at 0x7f5fcd8518a0>
    └ <_UnixSelectorEventLoop running=True closed=False debug=False>
  File "/usr/lib/python3.12/asyncio/base_events.py", line 641, in run_forever
    self._run_once()
    │    └ <function BaseEventLoop._run_once at 0x7f5fcd8536a0>
    └ <_UnixSelectorEventLoop running=True closed=False debug=False>
  File "/usr/lib/python3.12/asyncio/base_events.py", line 1987, in _run_once
    handle._run()
    │      └ <function Handle._run at 0x7f5fcd99dbc0>
    └ <Handle Task.task_wakeup(<Future finished result=None>)>
  File "/usr/lib/python3.12/asyncio/events.py", line 88, in _run
    self._context.run(self._callback, *self._args)
    │    │            │    │           │    └ <member '_args' of 'Handle' objects>
    │    │            │    │           └ <Handle Task.task_wakeup(<Future finished result=None>)>
    │    │            │    └ <member '_callback' of 'Handle' objects>
    │    │            └ <Handle Task.task_wakeup(<Future finished result=None>)>
    │    └ <member '_context' of 'Handle' objects>
    └ <Handle Task.task_wakeup(<Future finished result=None>)>

> File "/root/crypto_bot/main.py", line 1544, in _startup_monitoring
    raw_15m = await client.futures_klines(symbol=symbol, interval="15m", limit=500)
                    │      │                     └ '➖ УБРАТЬUSDT'
                    │      └ <function AsyncClient.futures_klines at 0x7f5fcc0b0400>
                    └ <binance.async_client.AsyncClient object at 0x7f5fc98012b0>

  File "/root/crypto_bot/venv/lib/python3.12/site-packages/binance/async_client.py", line 1956, in futures_klines
    return await self._request_futures_api("get", "klines", data=params)
                 │    │                                          └ {'symbol': '➖ УБРАТЬUSDT', 'interval': '15m', 'limit': 500}
                 │    └ <function AsyncClient._request_futures_api at 0x7f5fcc0a89a0>
                 └ <binance.async_client.AsyncClient object at 0x7f5fc98012b0>
  File "/root/crypto_bot/venv/lib/python3.12/site-packages/binance/async_client.py", line 237, in _request_futures_api
    return await self._request(method, uri, signed, force_params, **kwargs)
                 │    │        │       │    │       │               └ {'data': {'symbol': '➖ УБРАТЬUSDT', 'interval': '15m', 'limit': 500}}
                 │    │        │       │    │       └ False
                 │    │        │       │    └ False
                 │    │        │       └ 'https://fapi.binance.com/fapi/v1/klines'
                 │    │        └ 'get'
                 │    └ <function AsyncClient._request at 0x7f5fcc0a87c0>
                 └ <binance.async_client.AsyncClient object at 0x7f5fc98012b0>
  File "/root/crypto_bot/venv/lib/python3.12/site-packages/binance/async_client.py", line 199, in _request
    return await self._handle_response(response)
                 │    │                └ <ClientResponse(https://fapi.binance.com/fapi/v1/klines?interval=15m&limit=500&symbol=%E2%9E%96%20%D0%A3%D0%91%D0%A0%D0%90%D0...
                 │    └ <function AsyncClient._handle_response at 0x7f5fcc0a8860>
                 └ <binance.async_client.AsyncClient object at 0x7f5fc98012b0>
  File "/root/crypto_bot/venv/lib/python3.12/site-packages/binance/async_client.py", line 207, in _handle_response
    raise BinanceAPIException(response, response.status, await response.text())
          │                   │         │        │             │        └ <function ClientResponse.text at 0x7f5fcd1d5d00>
          │                   │         │        │             └ <ClientResponse(https://fapi.binance.com/fapi/v1/klines?interval=15m&limit=500&symbol=%E2%9E%96%20%D0%A3%D0%91%D0%A0%D0%90%D0...
          │                   │         │        └ 400
          │                   │         └ <ClientResponse(https://fapi.binance.com/fapi/v1/klines?interval=15m&limit=500&symbol=%E2%9E%96%20%D0%A3%D0%91%D0%A0%D0%90%D0...
          │                   └ <ClientResponse(https://fapi.binance.com/fapi/v1/klines?interval=15m&limit=500&symbol=%E2%9E%96%20%D0%A3%D0%91%D0%A0%D0%90%D0...
          └ <class 'binance.exceptions.BinanceAPIException'>

binance.exceptions.BinanceAPIException: APIError(code=-1121): Invalid symbol.
2026-07-18 17:06:35 | ERROR | trading.strategy2_live:_open_grid:581 | S2Live: failed to get instrument info | {'symbol': 'DODOXUSDT', 'error': 'instrument info not found for DODOXUSDT'}
2026-07-18 19:13:08 | WARNING | trading.strategy5_live:_finalize_closed:330 | S5Live: no executions, PnL estimated | {'trade_id': '55b82bdf-3d77-4ed0-8627-71b045d349e6', 'exec_count': 1, 'exec_err': None, 'buy_qty': 900.0, 'sell_qty': 0.0}
2026-07-18 19:33:50 | WARNING | trading.bybit_client:cancel_order:247 | bybit cancel_order unexpected response | {'symbol': '1000XECUSDT', 'order_id': '8c4d4bc0-634a-4a89-9661-8225a130760b', 'resp': {'retCode': 110001, 'retMsg': 'order not exists or too late to cancel', 'result': {}, 'retExtInfo': {}, 'time': 1784403230479}}
2026-07-18 19:33:53 | WARNING | trading.strategy2_live:_realized_pnl_from_executions:1888 | S2Live: buy/sell qty mismatch on close — PnL booked on matched qty only, remainder left for reconcile | {'trade_id': 'a601fe82-a0da-4fd2-8f25-155c67974774', 'symbol': '1000XECUSDT', 'buy_qty': 10670.0, 'sell_qty': 5330.0, 'matched_qty': 5330.0}
2026-07-18 22:30:39 | WARNING | trading.bybit_client:set_leverage:93 | bybit set_leverage unexpected response | {'symbol': 'SYNUSDT', 'resp': {'retCode': 110074, 'retMsg': 'closed symbol error: This SYNUSDT contract is not live', 'result': {}, 'retExtInfo': {}, 'time': 1784413839603}}
2026-07-18 22:30:40 | ERROR | trading.strategy2_live:_open_grid:657 | S2Live: failed to place limit order | {'symbol': 'SYNUSDT', 'index': 1, 'price': 0.22695, 'error': 'place_limit_order failed: retCode=110074 retMsg=This contract is not live symbol=SYNUSDT price=0.22695 qty=440.0'}
2026-07-18 22:30:40 | WARNING | trading.strategy2_live:_open_grid:663 | S2Live: symbol not live on Bybit, cooldown 24h set | {'symbol': 'SYNUSDT'}
2026-07-19 02:40:14 | WARNING | trading.bybit_client:cancel_order:247 | bybit cancel_order unexpected response | {'symbol': 'USUSDT', 'order_id': 'ae69c49b-65ae-4afc-9838-233eb35abcd2', 'resp': {'retCode': 110001, 'retMsg': 'order not exists or too late to cancel', 'result': {}, 'retExtInfo': {}, 'time': 1784428814634}}
2026-07-19 02:57:07 | WARNING | data.collector:_stream_agg_trades:180 | Failed to create aggTrades client | {'symbol': 'AVAAIUSDT', 'error': 'Cannot connect to host api.binance.com:443 ssl:default [Connection reset by peer]'}
2026-07-19 03:55:20 | ERROR | trading.strategy2_live:_open_grid:581 | S2Live: failed to get instrument info | {'symbol': 'TRADOORUSDT', 'error': 'instrument info not found for TRADOORUSDT'}
2026-07-19 04:06:30 | WARNING | data.collector:_stream_agg_trades:180 | Failed to create aggTrades client | {'symbol': 'ESPORTSUSDT', 'error': 'Cannot connect to host api.binance.com:443 ssl:default [Connection reset by peer]'}
2026-07-19 05:08:53 | WARNING | trading.bybit_client:cancel_order:247 | bybit cancel_order unexpected response | {'symbol': 'AKEUSDT', 'order_id': '74d133c5-dbbc-4b47-a4db-2beae695aa51', 'resp': {'retCode': 110001, 'retMsg': 'order not exists or too late to cancel', 'result': {}, 'retExtInfo': {}, 'time': 1784437733647}}
2026-07-19 05:25:24 | WARNING | trading.bybit_client:cancel_order:247 | bybit cancel_order unexpected response | {'symbol': 'USUSDT', 'order_id': '828b0f1d-4d0b-4b46-997b-cbf93abad3ed', 'resp': {'retCode': 110001, 'retMsg': 'order not exists or too late to cancel', 'result': {}, 'retExtInfo': {}, 'time': 1784438723923}}
2026-07-19 05:25:26 | WARNING | trading.strategy2_live:_realized_pnl_from_executions:1888 | S2Live: buy/sell qty mismatch on close — PnL booked on matched qty only, remainder left for reconcile | {'trade_id': '0006d833-6fa0-4282-8ac9-0ed92e70a4d7', 'symbol': 'USUSDT', 'buy_qty': 2360.0, 'sell_qty': 1180.0, 'matched_qty': 1180.0}
